<?xml version="1.0" encoding="utf-8"?><testsuites><testsuite name="pytest" errors="0" failures="0" skipped="0" tests="4" time="79.827" timestamp="2025-02-10T20:08:56.589791" hostname="DESKTOP-LN2LP2U"><testcase classname="tests.model.test_model.TestModel" name="test_model_fit" time="20.165" /><testcase classname="tests.model.test_model.TestModel" name="test_model_predict" time="19.174" /><testcase classname="tests.model.test_model.TestModel" name="test_model_preprocess_for_serving" time="19.822" /><testcase classname="tests.model.test_model.TestModel" name="test_model_preprocess_for_training" time="18.935" /></testsuite></testsuites>